// Jest Snapshot v1, https://goo.gl/fbAQLP

exports[`source maps stack trace is correct 1`] = `
"Error: foo
    at Object._scope.throws (__dirname/error.js:6:11)
    at "
`;
