// Jest Snapshot v1, https://goo.gl/fbAQLP

exports[`createTodo() with good fields 1`] = `
EffectsLog [
  checkForm(
    "fields",
  ),
  post(
    "/todo/1",
    "fields",
  ),
]
`;
