[["now",1537390034475],["rand","4313593178224871"]]