// Jest Snapshot v1, https://goo.gl/fbAQLP

exports[`plugin2 deep 1`] = `
"
const topLevel = true;
function fn() {
    topLevel++;
    let local = global;
}"
`;
